[ERROR]  This script is not meant to be run on x86_64
[INFO ]  All Commands Found. Continuing
[INFO ]  Arguments Correct. Continuing
[INFO ]  Xml Template: templates/cubietruck.xml
[INFO ]  Parsing: templates/cubietruck.xml
[INFO ]  Successfully Parsed Board Template For: cubietruck
[INFO ]  Creating Image File
[INFO ]  Creating Image: 4G raw cubietruck-centos-image.img
[INFO ]  Creating Partitions
[INFO ]  Image Size: 4096M Parititon Size Sum: 3572M
[INFO ]  Creating Partition 1 500M primary ext3 /boot 5ca9de03-9f5c-4272-a170-75e6369bef13
[INFO ]  Creating Partition 2 1024M primary swap swap 94fbdbeb-13a8-4ddc-8d48-3980e144b8df
[INFO ]  Creating Partition 3 2048M primary ext4 / d40fb7bf-1345-4e50-be13-a4881a60acc7
[INFO ]  Mounting Partitions
[INFO ]  Mounting Parititon 3 on /tmp/temp/
[INFO ]  Mounting Parititon 1 on /tmp/temp/boot
[INFO ]  Found Repo: c7buildroot http://armv7.dev.centos.org/repodir/c7-buildroot/
[INFO ]  Found Repo: c7pass1 http://armv7.dev.centos.org/repodir/c7-pass-1/
[INFO ]  Found Repo: comps http://armv7.dev.centos.org/repodir/comps/
[INFO ]  Installing Kernel
[INFO ]  Kernel Type: stock
[INFO ]  Using Stock Kernel
[INFO ]  Installing Package Groups: @core
[INFO ]  Installing Packages: net-tools kernel
[INFO ]  Copying Etc Overlay: ./etc
[INFO ]  Setting empty root pass
[INFO ]  Setting SELinux status to disabled
[INFO ]  Board Script: boards.d/cubietruck.sh
[INFO ]  Finalize Script: ./boards.d/finalize.sh
[INFO ]  Running RootFS Build Factory script
losetup: /dev/loop1: detach failed: No such device or address
mke2fs 1.42.12 (29-Aug-2014)
Discarding device blocks:   1024/488448             done                            
Creating filesystem with 488448 1k blocks and 122400 inodes
Filesystem UUID: 5ca9de03-9f5c-4272-a170-75e6369bef13
Superblock backups stored on blocks: 
	8193, 24577, 40961, 57345, 73729, 204801, 221185, 401409

Allocating group tables:  0/60     done                            
Writing inode tables:  0/60     done                            
Creating journal (8192 blocks): done
Writing superblocks and filesystem accounting information:  0/60     done

Setting up swapspace version 1, size = 999420 KiB
no label, UUID=94fbdbeb-13a8-4ddc-8d48-3980e144b8df
mke2fs 1.42.12 (29-Aug-2014)
Discarding device blocks:   4096/500090             done                            
Creating filesystem with 500090 4k blocks and 125184 inodes
Filesystem UUID: d40fb7bf-1345-4e50-be13-a4881a60acc7
Superblock backups stored on blocks: 
	32768, 98304, 163840, 229376, 294912

Allocating group tables:  0/16     done                            
Writing inode tables:  0/16     done                            
Creating journal (8192 blocks): done
Writing superblocks and filesystem accounting information:  0/16     done

There is no installed groups file.
Maybe run: yum groups mark convert (see man yum)
Error: Package: yum-3.4.3-125.el7.centos.noarch (c7buildroot)
           Requires: /bin/bash
Error: Package: tuned-2.4.1-1.el7.noarch (c7buildroot)
           Requires: virt-what
Error: Package: yum-3.4.3-125.el7.centos.noarch (c7buildroot)
           Requires: pyxattr
Error: Package: selinux-policy-3.13.1-23.el7.noarch (c7buildroot)
           Requires: /bin/awk
Error: Package: firewalld-0.3.9-11.el7.noarch (c7buildroot)
           Requires: iptables
Error: Package: yum-3.4.3-125.el7.centos.noarch (c7buildroot)
           Requires: pyliblzma
Error: Package: selinux-policy-3.13.1-23.el7.noarch (c7buildroot)
           Requires: policycoreutils >= 2.1.14-74
Error: Package: firewalld-0.3.9-11.el7.noarch (c7buildroot)
           Requires: /usr/bin/python
Error: Package: selinux-policy-targeted-3.13.1-23.el7.noarch (c7buildroot)
           Requires: /bin/sh
Error: Package: python-urlgrabber-3.10-6.el7.noarch (c7buildroot)
           Requires: /usr/bin/python
Error: Package: selinux-policy-3.13.1-23.el7.noarch (c7buildroot)
           Requires: /usr/bin/sha512sum
Error: Package: tuned-2.4.1-1.el7.noarch (c7buildroot)
           Requires: systemd
Error: Package: firewalld-0.3.9-11.el7.noarch (c7buildroot)
           Requires: dbus-python
Error: Package: tuned-2.4.1-1.el7.noarch (c7buildroot)
           Requires: dbus-python
Error: Package: firewalld-0.3.9-11.el7.noarch (c7buildroot)
           Requires: python(abi) = 2.7
Error: Package: python-slip-dbus-0.4.0-2.el7.noarch (c7buildroot)
           Requires: python(abi) = 2.7
Error: Package: python-configobj-4.7.2-7.el7.noarch (c7buildroot)
           Requires: python(abi) = 2.7
Error: Package: yum-3.4.3-125.el7.centos.noarch (c7buildroot)
           Requires: diffutils
Error: Package: basesystem-10.0-7.el7.centos.noarch (c7buildroot)
           Requires: filesystem
Error: Package: yum-3.4.3-125.el7.centos.noarch (c7buildroot)
           Requires: python(abi) = 2.7
Error: Package: rdma-7.1_3.17-5.el7.noarch (c7buildroot)
           Requires: udev >= 095
Error: Package: python-backports-ssl_match_hostname-3.4.0.2-4.el7.noarch (c7buildroot)
           Requires: python-backports
Error: Package: rdma-7.1_3.17-5.el7.noarch (c7buildroot)
           Requires: systemd-units
Error: Package: python-urlgrabber-3.10-6.el7.noarch (c7buildroot)
           Requires: python-pycurl
Error: Package: python-backports-ssl_match_hostname-3.4.0.2-4.el7.noarch (c7buildroot)
           Requires: python(abi) = 2.7
Error: Package: yum-3.4.3-125.el7.centos.noarch (c7buildroot)
           Requires: python >= 2.4
Error: Package: rdma-7.1_3.17-5.el7.noarch (c7buildroot)
           Requires: /bin/sh
Error: Package: yum-3.4.3-125.el7.centos.noarch (c7buildroot)
           Requires: cpio
Error: Package: yum-3.4.3-125.el7.centos.noarch (c7buildroot)
           Requires: pygpgme
Error: Package: python-setuptools-0.9.8-3.el7.noarch (c7buildroot)
           Requires: /usr/bin/python
Error: Package: setup-2.8.71-5.el7.noarch (c7buildroot)
           Requires: system-release
Error: Package: tuned-2.4.1-1.el7.noarch (c7buildroot)
           Requires: /usr/bin/python
Error: Package: selinux-policy-targeted-3.13.1-23.el7.noarch (c7buildroot)
           Requires: policycoreutils >= 2.1.14-74
Error: Package: python-iniparse-0.4-9.el7.noarch (c7buildroot)
           Requires: python(abi) = 2.7
Error: Package: tuned-2.4.1-1.el7.noarch (c7buildroot)
           Requires: python(abi) = 2.7
Error: Package: python-setuptools-0.9.8-3.el7.noarch (c7buildroot)
           Requires: python(abi) = 2.7
Error: Package: firewalld-0.3.9-11.el7.noarch (c7buildroot)
           Requires: systemd
Error: Package: firewalld-0.3.9-11.el7.noarch (c7buildroot)
           Requires: ebtables
Error: Package: yum-3.4.3-125.el7.centos.noarch (c7buildroot)
           Requires: python-sqlite
Error: Package: python-slip-0.4.0-2.el7.noarch (c7buildroot)
           Requires: python(abi) = 2.7
Error: Package: yum-3.4.3-125.el7.centos.noarch (c7buildroot)
           Requires: yum-metadata-parser >= 1.1.0
Error: Package: selinux-policy-3.13.1-23.el7.noarch (c7buildroot)
           Requires: /bin/sh
Error: Package: rdma-7.1_3.17-5.el7.noarch (c7buildroot)
           Requires: /bin/bash
Error: Package: python-slip-dbus-0.4.0-2.el7.noarch (c7buildroot)
           Requires: dbus-python >= 0.80
Error: Package: python-pyudev-0.15-6.el7.noarch (c7buildroot)
           Requires: python
Error: Package: python-slip-0.4.0-2.el7.noarch (c7buildroot)
           Requires: libselinux-python
Error: Package: tuned-2.4.1-1.el7.noarch (c7buildroot)
           Requires: ethtool
Error: Package: tuned-2.4.1-1.el7.noarch (c7buildroot)
           Requires: pygobject3-base
Error: Package: rdma-7.1_3.17-5.el7.noarch (c7buildroot)
           Requires: dracut
Error: Package: yum-3.4.3-125.el7.centos.noarch (c7buildroot)
           Requires: rpm-python
Error: Package: selinux-policy-targeted-3.13.1-23.el7.noarch (c7buildroot)
           Requires: coreutils
Error: Package: alsa-firmware-1.0.28-2.el7.noarch (c7buildroot)
           Requires: udev
Error: Package: tuned-2.4.1-1.el7.noarch (c7buildroot)
           Requires: gawk
Error: Package: aic94xx-firmware-30-6.el7.noarch (c7buildroot)
           Requires: udev
Error: Package: alsa-firmware-1.0.28-2.el7.noarch (c7buildroot)
           Requires: alsa-tools-firmware >= 1.0.27
Error: Package: yum-3.4.3-125.el7.centos.noarch (c7buildroot)
           Requires: rpm >= 4.4.2
Error: Package: yum-3.4.3-125.el7.centos.noarch (c7buildroot)
           Requires: /usr/bin/python
Error: Package: python-decorator-3.4.0-3.el7.noarch (c7buildroot)
           Requires: python(abi) = 2.7
Error: Package: firewalld-0.3.9-11.el7.noarch (c7buildroot)
           Requires: pygobject3-base
Error: Package: python-pyudev-0.15-6.el7.noarch (c7buildroot)
           Requires: python(abi) = 2.7
Error: Package: python-urlgrabber-3.10-6.el7.noarch (c7buildroot)
           Requires: python(abi) = 2.7
Error: Package: tuned-2.4.1-1.el7.noarch (c7buildroot)
           Requires: /bin/sh
Error: Package: firewalld-0.3.9-11.el7.noarch (c7buildroot)
           Requires: /bin/sh
Error: Package: tuned-2.4.1-1.el7.noarch (c7buildroot)
           Requires: util-linux
Error: Nothing to do
‘./etc/fstab’ -> ‘/tmp/temp/etc/fstab’
‘./etc/hostname’ -> ‘/tmp/temp/etc/hostname’
sed: can't read /tmp/temp/etc/passwd: No such file or directory
sed: can't read /tmp/temp/etc/selinux/config: No such file or directory
[INFO ]  Successfully Executed rbf.sh
[INFO ]  Creating Initramfs
[INFO ]  No Kernels Found
[INFO ]  Clean Up
[INFO ]  If you need any help, please provide rbf.log rbf.sh initramfs.sh cleanup.sh templates/cubietruck.xml and the above output.
